// Jest Snapshot v1, https://goo.gl/fbAQLP

exports[`<Loading /> Matches snapshot 1`] = `
<div
  class="loading"
>
  <img
    src="[object Object]"
  />
</div>
`;
